// Jest Snapshot v1, https://goo.gl/fbAQLP

exports[`App Component should render Component correctly 1`] = `
<div
  className="container"
>
  <main>
    <Search
      city=""
      handleChange={[Function]}
      handleSubmit={[Function]}
    />
    <Location
      weather={Object {}}
    />
    <Current
      weather={Object {}}
    />
    <Forecast
      weather={Object {}}
    />
  </main>
  <a
    href="https://icons8.com/icon/D2RKDghvz9nr/tempo-piovoso"
  >
    Tempo piovoso icon by Icons8
  </a>
</div>
`;
