// Jest Snapshot v1, https://goo.gl/fbAQLP

exports[`Current component should render component correctly 1`] = `
<section
  className="box3"
>
  <article
    className="wrapper"
  >
    <h1>
      Current weather
    </h1>
    <p>
      Condition: 
    </p>
    <p>
      Last updated: 
    </p>
  </article>
</section>
`;
